{"level":"info","message":"Connected to PostgreSQL database","timestamp":"2025-02-25T06:42:02.495Z"}
{"level":"info","message":"Connected to PostgreSQL database","timestamp":"2025-02-25T06:42:41.477Z"}
{"level":"info","message":"Connected to PostgreSQL database","timestamp":"2025-02-25T06:42:44.961Z"}
{"level":"error","message":"database connection error ","timestamp":"2025-02-25T06:43:08.142Z"}
{"level":"info","message":"Connected to PostgreSQL database","timestamp":"2025-02-25T06:43:31.744Z"}
{"level":"error","message":"database connection error ","timestamp":"2025-02-25T06:44:42.718Z"}
{"level":"error","message":"database connection error ","timestamp":"2025-02-25T06:44:51.355Z"}
{"level":"error","message":"database connection error ","timestamp":"2025-02-25T06:44:54.663Z"}
{"level":"error","message":"database connection error ","timestamp":"2025-02-25T06:45:01.513Z"}
{"level":"error","message":"database connection error ","timestamp":"2025-02-25T06:45:02.856Z"}
{"level":"error","message":"database connection error ","timestamp":"2025-02-25T06:45:04.784Z"}
{"level":"warn","message":"Connected to PostgreSQL database","timestamp":"2025-02-25T06:45:17.233Z"}
{"level":"info","message":"Connected to PostgreSQL database","timestamp":"2025-02-25T06:45:25.696Z"}
{"level":"info","message":"Connected to PostgreSQL database","timestamp":"2025-02-25T06:48:07.624Z"}
{"level":"info","message":"Connected to PostgreSQL database","timestamp":"2025-02-25T06:48:12.582Z"}
{"level":"info","message":"Connected to PostgreSQL database","timestamp":"2025-02-25T06:49:42.422Z"}
{"level":"info","message":"Connected to PostgreSQL database","timestamp":"2025-02-25T06:52:10.973Z"}
{"level":"info","message":"Connected to PostgreSQL database","timestamp":"2025-02-25T06:52:14.248Z"}
{"level":"info","message":"Connected to PostgreSQL database","timestamp":"2025-02-25T06:52:16.560Z"}
{"level":"info","message":"Connected to PostgreSQL database","timestamp":"2025-02-25T06:52:21.069Z"}
{"level":"info","message":"Connected to PostgreSQL database","timestamp":"2025-02-25T06:52:25.673Z"}
{"level":"info","message":"Connected to PostgreSQL database","timestamp":"2025-02-25T06:52:29.122Z"}
{"level":"info","message":"Connected to PostgreSQL database","timestamp":"2025-02-25T06:52:35.727Z"}
{"level":"info","message":"Connected to PostgreSQL database","timestamp":"2025-02-25T06:53:59.795Z"}
{"level":"info","message":"Connected to PostgreSQL database","timestamp":"2025-02-25T06:54:11.915Z"}
{"level":"info","message":"Connected to PostgreSQL database","timestamp":"2025-02-25T06:54:19.170Z"}
{"level":"info","message":"Connected to PostgreSQL database","timestamp":"2025-02-25T06:54:24.652Z"}
{"level":"info","message":"Connected to PostgreSQL database","timestamp":"2025-02-25T06:57:00.270Z"}
{"level":"info","message":"Connected to PostgreSQL database","timestamp":"2025-02-25T06:57:30.072Z"}
{"level":"info","message":"Connected to PostgreSQL database","timestamp":"2025-02-25T06:58:06.954Z"}
{"level":"info","message":"Connected to PostgreSQL database","timestamp":"2025-02-25T06:58:12.392Z"}
{"level":"error","message":"500 err is not defined","timestamp":"2025-02-25T06:58:18.383Z"}
{"level":"info","message":"Connected to PostgreSQL database","timestamp":"2025-02-25T06:58:52.626Z"}
{"level":"error","message":"err is not defined","timestamp":"2025-02-25T06:59:29.221Z"}
{"level":"info","message":"Connected to PostgreSQL database","timestamp":"2025-02-25T06:59:48.124Z"}
{"level":"error","message":"database connection error ","timestamp":"2025-02-25T09:20:55.125Z"}
{"level":"error","message":"database connection error ","timestamp":"2025-02-25T09:21:15.277Z"}
